<?xml version="1.0" encoding="UTF-8"?>
<TestRun id="a97899af-042d-48da-ab4e-a1c9adf13f6b" name="jpersson@PC260 2012-02-19 19:59:46" runUser="GROUP\jpersson" xmlns="http://microsoft.com/schemas/VisualStudio/TeamTest/2010">
  <TestSettings name="NerdDinner" id="a677183a-2241-46a2-8e6f-b1b8040dce34">
    <Description>These are default test settings for a local test run.</Description>
    <Deployment runDeploymentRoot="jpersson_PC260 2012-02-19 19_59_46">
      <DeploymentItem filename="C:\Projects\NerdSupport.nethouselkpg\Lib\TechTalk.SpecFlow.dll" />
    </Deployment>
    <Execution>
      <TestTypeSpecific>
        <UnitTestRunConfig testTypeId="13cdc9d9-ddb5-4fa4-a97d-d965ccfc6d4b">
          <AssemblyResolution>
            <TestDirectory useLoadContext="true" />
          </AssemblyResolution>
        </UnitTestRunConfig>
      </TestTypeSpecific>
      <AgentRule name="LocalMachineDefaultRole">
        <DataCollectors>
          <DataCollector uri="datacollector://microsoft/CodeCoverage/1.0" assemblyQualifiedName="Microsoft.VisualStudio.TestTools.CodeCoverage.CoveragePlugIn, Microsoft.VisualStudio.QualityTools.Plugins.CodeCoverage, Version=10.0.0.0, Culture=neutral, PublicKeyToken=b03f5f7f11d50a3a" friendlyName="Code Coverage">
            <Configuration>
              <CodeCoverage xmlns="">
                <AspNet>
                  <AspNetCodeCoverageItem id="67c8b33c-a6ae-421f-bf79-3fb8f37a64c0" name="NerdDinner" applicationRoot="/" url="http://localhost:0/" />
                </AspNet>
              </CodeCoverage>
            </Configuration>
          </DataCollector>
        </DataCollectors>
      </AgentRule>
    </Execution>
  </TestSettings>
  <Times creation="2012-02-19T19:59:46.6966919+01:00" queuing="2012-02-19T19:59:49.2369459+01:00" start="2012-02-19T19:59:49.3139536+01:00" finish="2012-02-19T19:59:52.1742396+01:00" />
  <ResultSummary outcome="Error">
    <Counters total="2" executed="2" error="0" failed="0" timeout="0" aborted="0" inconclusive="2" passedButRunAborted="0" notRunnable="0" notExecuted="0" disconnected="0" warning="0" passed="0" completed="0" inProgress="0" pending="0" />
    <RunInfos>
      <RunInfo computerName="PC260" outcome="Warning" timestamp="2012-02-19T19:59:47.1357358+01:00">
        <Text>Cannot open the ASP.NET project 'NerdDinner'.</Text>
      </RunInfo>
      <RunInfo computerName="PC260" outcome="Warning" timestamp="2012-02-19T19:59:47.2197442+01:00">
        <Text>Instrumentation error: cannot find binary C:\Projects\NerdSupport.nethouselkpg\NerdDinner.Tests\bin\Debug\NerdDinner.Tests.dll.</Text>
      </RunInfo>
      <RunInfo computerName="PC260" outcome="Error" timestamp="2012-02-19T19:59:49.7900012+01:00">
        <Text>Cannot find the local Web page 'NerdDinner'.</Text>
      </RunInfo>
    </RunInfos>
    <ResultFiles>
      <ResultFile path="PC260\data.coverage" />
    </ResultFiles>
  </ResultSummary>
  <TestDefinitions>
    <UnitTest name="Sortering" storage="c:\projects\nerdsupport.nethouselkpg\specs\nerdsupport.specs\bin\debug\nerdsupport.specs.dll" id="c79ebf9f-724c-9fbf-1a69-30cc1180a049">
      <Description>Sortering</Description>
      <Execution id="32cbff83-ae4d-4d73-8368-382b30497051" />
      <Properties>
        <Property>
          <Key>FeatureTitle</Key>
          <Value>Färgläggning av ärenden i lista</Value>
        </Property>
      </Properties>
      <TestMethod codeBase="C:/Projects/NerdSupport.nethouselkpg/Specs/NerdSupport.Specs/bin/Debug/NerdSupport.Specs.DLL" adapterTypeName="Microsoft.VisualStudio.TestTools.TestTypes.Unit.UnitTestAdapter, Microsoft.VisualStudio.QualityTools.Tips.UnitTest.Adapter, Version=10.0.0.0, Culture=neutral, PublicKeyToken=b03f5f7f11d50a3a" className="NerdSupport.Specs.Backlog.FarglaggningAvArendenIListaFeature, NerdSupport.Specs, Version=1.0.0.0, Culture=neutral, PublicKeyToken=null" name="Sortering" />
    </UnitTest>
    <UnitTest name="ArendeMedPrio1" storage="c:\projects\nerdsupport.nethouselkpg\specs\nerdsupport.specs\bin\debug\nerdsupport.specs.dll" id="d37e4316-551f-ec59-2dae-752d0503e685">
      <Description>Ärende med prio 1</Description>
      <Execution id="4dac34ba-dc0a-4202-b1b4-50fdd30a731f" />
      <Properties>
        <Property>
          <Key>FeatureTitle</Key>
          <Value>Färgläggning av ärenden i lista</Value>
        </Property>
      </Properties>
      <TestMethod codeBase="C:/Projects/NerdSupport.nethouselkpg/Specs/NerdSupport.Specs/bin/Debug/NerdSupport.Specs.DLL" adapterTypeName="Microsoft.VisualStudio.TestTools.TestTypes.Unit.UnitTestAdapter, Microsoft.VisualStudio.QualityTools.Tips.UnitTest.Adapter, Version=10.0.0.0, Culture=neutral, PublicKeyToken=b03f5f7f11d50a3a" className="NerdSupport.Specs.Backlog.FarglaggningAvArendenIListaFeature, NerdSupport.Specs, Version=1.0.0.0, Culture=neutral, PublicKeyToken=null" name="ArendeMedPrio1" />
    </UnitTest>
  </TestDefinitions>
  <TestLists>
    <TestList name="Results Not in a List" id="8c84fa94-04c1-424b-9868-57a2d4851a1d" />
    <TestList name="All Loaded Results" id="19431567-8539-422a-85d7-44ee4e166bda" />
  </TestLists>
  <TestEntries>
    <TestEntry testId="c79ebf9f-724c-9fbf-1a69-30cc1180a049" executionId="32cbff83-ae4d-4d73-8368-382b30497051" testListId="8c84fa94-04c1-424b-9868-57a2d4851a1d" />
    <TestEntry testId="d37e4316-551f-ec59-2dae-752d0503e685" executionId="4dac34ba-dc0a-4202-b1b4-50fdd30a731f" testListId="8c84fa94-04c1-424b-9868-57a2d4851a1d" />
  </TestEntries>
  <Results>
    <UnitTestResult executionId="32cbff83-ae4d-4d73-8368-382b30497051" testId="c79ebf9f-724c-9fbf-1a69-30cc1180a049" testName="Sortering" computerName="PC260" duration="00:00:00.0767267" startTime="2012-02-19T19:59:50.2390461+01:00" endTime="2012-02-19T19:59:50.6390861+01:00" testType="13cdc9d9-ddb5-4fa4-a97d-d965ccfc6d4b" outcome="Inconclusive" testListId="8c84fa94-04c1-424b-9868-57a2d4851a1d" relativeResultsDirectory="32cbff83-ae4d-4d73-8368-382b30497051">
      <Output>
        <StdOut>Givet följande ärenden
-&gt; No matching step definition found for the step. Use the following code to create one:
    [Binding]
    public class StepDefinitions
    {
        [Given(@"följande ärenden")]
        public void GivetFoljandeArenden()
        {
            ScenarioContext.Current.Pending();
        }
    }

När handläggaren listar ärenden
-&gt; No matching step definition found for the step. Use the following code to create one:
    [Binding]
    public class StepDefinitions
    {
        [When(@"handläggaren listar ärenden")]
        public void NarHandlaggarenListarArenden()
        {
            ScenarioContext.Current.Pending();
        }
    }

Så ska ärende1 vara överst
-&gt; No matching step definition found for the step. Use the following code to create one:
    [Binding]
    public class StepDefinitions
    {
        [Then(@"ska ärende1 vara överst")]
        public void SaSkaArende1VaraOverst()
        {
            ScenarioContext.Current.Pending();
        }
    }

Och ärende2 ska vara underst
-&gt; No matching step definition found for the step. Use the following code to create one:
    [Binding]
    public class StepDefinitions
    {
        [Then(@"ärende2 ska vara underst")]
        public void SaArende2SkaVaraUnderst()
        {
            ScenarioContext.Current.Pending();
        }
    }</StdOut>
        <ErrorInfo>
          <Message>Assert.Inconclusive failed. No matching step definition found for one or more steps.
[Binding]
public class StepDefinitions
{
    [Given(@"följande ärenden")]
    public void GivetFoljandeArenden()
    {
        ScenarioContext.Current.Pending();
    }
    
    [Then(@"ska ärende1 vara överst")]
    public void SaSkaArende1VaraOverst()
    {
        ScenarioContext.Current.Pending();
    }
    
    [Then(@"ärende2 ska vara underst")]
    public void SaArende2SkaVaraUnderst()
    {
        ScenarioContext.Current.Pending();
    }
    
    [When(@"handläggaren listar ärenden")]
    public void NarHandlaggarenListarArenden()
    {
        ScenarioContext.Current.Pending();
    }
}
</Message>
          <StackTrace>   at lambda_method(Closure , String , Object[] )
   at TechTalk.SpecFlow.UnitTestProvider.MsTestRuntimeProvider.TestInconclusive(String message)
   at TechTalk.SpecFlow.UnitTestProvider.MsTestRuntimeProvider.TestPending(String message)
   at TechTalk.SpecFlow.ErrorHandling.ErrorProvider.ThrowPendingError(TestStatus testStatus, String message)
   at TechTalk.SpecFlow.Infrastructure.TestExecutionEngine.OnAfterLastStep()
   at TechTalk.SpecFlow.TestRunner.CollectScenarioErrors()
   at NerdSupport.Specs.Backlog.FarglaggningAvArendenIListaFeature.ScenarioCleanup() in C:\Projects\NerdSupport.nethouselkpg\Specs\NerdSupport.Specs\Backlog\FarglaggningAvArendelista.feature.cs:line 0
   at NerdSupport.Specs.Backlog.FarglaggningAvArendenIListaFeature.Sortering() in c:\Projects\NerdSupport.nethouselkpg\Specs\NerdSupport.Specs\Backlog\FarglaggningAvArendelista.feature:line 20
</StackTrace>
        </ErrorInfo>
      </Output>
    </UnitTestResult>
    <UnitTestResult executionId="4dac34ba-dc0a-4202-b1b4-50fdd30a731f" testId="d37e4316-551f-ec59-2dae-752d0503e685" testName="ArendeMedPrio1" computerName="PC260" duration="00:00:00.0119673" startTime="2012-02-19T19:59:50.6410863+01:00" endTime="2012-02-19T19:59:50.6570879+01:00" testType="13cdc9d9-ddb5-4fa4-a97d-d965ccfc6d4b" outcome="Inconclusive" testListId="8c84fa94-04c1-424b-9868-57a2d4851a1d" relativeResultsDirectory="4dac34ba-dc0a-4202-b1b4-50fdd30a731f">
      <Output>
        <StdOut>Givet ett ärende med prio 1
-&gt; No matching step definition found for the step. Use the following code to create one:
    [Binding]
    public class StepDefinitions
    {
        [Given(@"ett ärende med prio 1")]
        public void GivetEttArendeMedPrio1()
        {
            ScenarioContext.Current.Pending();
        }
    }

Och att prio 1 kodas med röd färg
-&gt; No matching step definition found for the step. Use the following code to create one:
    [Binding]
    public class StepDefinitions
    {
        [Given(@"att prio 1 kodas med röd färg")]
        public void GivetAttPrio1KodasMedRodFarg()
        {
            ScenarioContext.Current.Pending();
        }
    }

När handläggaren listar ärenden
-&gt; No matching step definition found for the step. Use the following code to create one:
    [Binding]
    public class StepDefinitions
    {
        [When(@"handläggaren listar ärenden")]
        public void NarHandlaggarenListarArenden()
        {
            ScenarioContext.Current.Pending();
        }
    }

Så har ärendet röd färg
-&gt; No matching step definition found for the step. Use the following code to create one:
    [Binding]
    public class StepDefinitions
    {
        [Then(@"har ärendet röd färg")]
        public void SaHarArendetRodFarg()
        {
            ScenarioContext.Current.Pending();
        }
    }</StdOut>
        <ErrorInfo>
          <Message>Assert.Inconclusive failed. No matching step definition found for one or more steps.
[Binding]
public class StepDefinitions
{
    [Given(@"att prio 1 kodas med röd färg")]
    public void GivetAttPrio1KodasMedRodFarg()
    {
        ScenarioContext.Current.Pending();
    }
    
    [Given(@"ett ärende med prio 1")]
    public void GivetEttArendeMedPrio1()
    {
        ScenarioContext.Current.Pending();
    }
    
    [Then(@"har ärendet röd färg")]
    public void SaHarArendetRodFarg()
    {
        ScenarioContext.Current.Pending();
    }
    
    [When(@"handläggaren listar ärenden")]
    public void NarHandlaggarenListarArenden()
    {
        ScenarioContext.Current.Pending();
    }
}
</Message>
          <StackTrace>   at lambda_method(Closure , String , Object[] )
   at TechTalk.SpecFlow.UnitTestProvider.MsTestRuntimeProvider.TestInconclusive(String message)
   at TechTalk.SpecFlow.UnitTestProvider.MsTestRuntimeProvider.TestPending(String message)
   at TechTalk.SpecFlow.ErrorHandling.ErrorProvider.ThrowPendingError(TestStatus testStatus, String message)
   at TechTalk.SpecFlow.Infrastructure.TestExecutionEngine.OnAfterLastStep()
   at TechTalk.SpecFlow.TestRunner.CollectScenarioErrors()
   at NerdSupport.Specs.Backlog.FarglaggningAvArendenIListaFeature.ScenarioCleanup() in C:\Projects\NerdSupport.nethouselkpg\Specs\NerdSupport.Specs\Backlog\FarglaggningAvArendelista.feature.cs:line 0
   at NerdSupport.Specs.Backlog.FarglaggningAvArendenIListaFeature.ArendeMedPrio1() in c:\Projects\NerdSupport.nethouselkpg\Specs\NerdSupport.Specs\Backlog\FarglaggningAvArendelista.feature:line 13
</StackTrace>
        </ErrorInfo>
      </Output>
    </UnitTestResult>
  </Results>
</TestRun>